user: No members in system.

user: Success.

user: Success.

user: Success.

user: No books in system.

user: 17 books successfully added.

user: No such member in system.

user: Duplicate members provided.

user: No common books.

user: Success.

user: Success.

user: Success.

user: Success.

user: Success.

user: Success.

user: Success.

user: Success.

user: Success.

user: Success.

user: Success.

user: Success.

user: To Kill a Mockingbird (Harper Lee)
The Hobbit (J.R.R. Tolkien)

user: Ending Library process.
