user: No members in system.

user: Success.

user: Success.

user: No such member in system.

user: 100000: Nam Kim

user: 100001: Should Be 100001

user: Ending Library process.
