user: No books in system.

user: No books in system.

user: No books in system.

user: No books in system.

user: 17 books successfully added.

user: Comedy
Comic
Epic
Fantasy
Historical Fiction
Horror
Poetry
War

user: Bob Kane
Douglas Adams
Harper Lee
Homer
J.K. Rowling
J.R.R. Tolkien
Jamie Lee Curtis
T.S. Eliot
Virgil
W.E. Johns

user: No books with genre No Such Genre.

user: The Iliad (Homer)
The Odyssey (Homer)
Wasteland (T.S. Eliot)

user: To Kill a Mockingbird (Harper Lee)

user: No books by No Such Author.

user: The Hitchhiker's Guide to the Galaxy (Douglas Adams)
So Long and Thanks for all the Fish (Douglas Adams)

user: Ending Library process.
