user: No members in system.

user: Success.

user: No such member in system.

user: Success.

user: Ending Library process.
