user: No books in system.

user: Successfully added: To Kill a Mockingbird (Harper Lee).

user: To Kill a Mockingbird (Harper Lee)

user: 111111: To Kill a Mockingbird (Harper Lee, Historical Fiction)
Currently available.

user: No such book in system.

user: No rental history.

user: Success.

user: Success.

user: Success.

user: No books available.

user: No books available.

user: Success.

user: Success.

user: Success.

user: 100001
100000

user: Ending Library process.
