user: No members in system.

user: No members in system.

user: Success.

user: No such member in system.

user: No such member in system.

user: Member not currently renting.

user: No rental history for member.

user: 17 books successfully added.

user: Success.

user: Success.

user: Success.

user: The Iliad (Homer)
The Hobbit (J.R.R. Tolkien)
To Kill a Mockingbird (Harper Lee)

user: Success.

user: The Iliad (Homer)
To Kill a Mockingbird (Harper Lee)

user: Success.

user: Member not currently renting.

user: The Hobbit (J.R.R. Tolkien)
The Iliad (Homer)
To Kill a Mockingbird (Harper Lee)

user: Ending Library process.
